// Jest Snapshot v1, https://goo.gl/fbAQLP

exports[`IconButton overview snapshot 1`] = `
<DocumentFragment>
  <button
    aria-label="Toggle dark mode"
    class="css-hplxoi-IconButton"
  >
    <svg
      fill="currentcolor"
      height="24"
      viewBox="0 0 24 24"
      width="24"
      xmlns="http://www.w3.org/2000/svg"
    >
      <circle
        cx="12"
        cy="12"
        fill="none"
        r="11"
        stroke="currentcolor"
        stroke-width="2"
      />
    </svg>
  </button>
</DocumentFragment>
`;
