// Jest Snapshot v1, https://goo.gl/fbAQLP

exports[`Message overview snapshot 1`] = `
<DocumentFragment>
  <div
    class="css-iyy7nd"
  >
    This is just a message for someone to read
  </div>
</DocumentFragment>
`;
