// Jest Snapshot v1, https://goo.gl/fbAQLP

exports[`AspectImage overview 1 snapshot 1`] = `
<DocumentFragment>
  <div
    class="css-1mdiw3u"
  >
    <div
      class="css-i9l3dq"
    >
      <div
        class="css-6jaxb6"
      />
      <div
        class="css-ojfau8"
      >
        <img
          alt="aspect image"
          class="css-1lckzle"
          src="https://picsum.photos/seed/picsum/128/128"
        />
      </div>
    </div>
  </div>
</DocumentFragment>
`;

exports[`AspectImage overview 2 snapshot 1`] = `
<DocumentFragment>
  <div
    class="css-1mdiw3u"
  >
    <div
      class="css-i9l3dq"
    >
      <div
        class="css-6jaxb6"
      />
      <div
        class="css-ojfau8"
      >
        <img
          alt="aspect image"
          class="css-1lckzle"
          src="https://picsum.photos/seed/picsum/128/128"
        />
      </div>
    </div>
  </div>
</DocumentFragment>
`;

exports[`AspectImage overview 3 snapshot 1`] = `
<DocumentFragment>
  <div
    class="css-1mdiw3u"
  >
    <div
      class="css-i9l3dq"
    >
      <div
        class="css-6jaxb6"
      />
      <div
        class="css-ojfau8"
      >
        <img
          alt="aspect image"
          class="css-1lckzle"
          src="https://picsum.photos/seed/picsum/128/128"
        />
      </div>
    </div>
  </div>
</DocumentFragment>
`;

exports[`AspectImage overview 4 snapshot 1`] = `
<DocumentFragment>
  <div
    class="css-1mdiw3u"
  >
    <div
      class="css-i9l3dq"
    >
      <div
        class="css-6jaxb6"
      />
      <div
        class="css-ojfau8"
      >
        <img
          alt="aspect image"
          class="css-1lckzle"
          src="https://picsum.photos/seed/picsum/128/128"
        />
      </div>
    </div>
  </div>
</DocumentFragment>
`;

exports[`AspectImage overview 5 snapshot 1`] = `
<DocumentFragment>
  <div
    class="css-1mdiw3u"
  >
    <div
      class="css-i9l3dq"
    >
      <div
        class="css-6jaxb6"
      />
      <div
        class="css-ojfau8"
      >
        <img
          alt="aspect image"
          class="css-1lckzle"
          src="https://picsum.photos/seed/picsum/128/128"
        />
      </div>
    </div>
  </div>
</DocumentFragment>
`;
