// Jest Snapshot v1, https://goo.gl/fbAQLP

exports[`Alert overview snapshot 1`] = `
<DocumentFragment>
  <div
    class="css-i55xk0"
  >
    <div
      class="css-kum87f"
    >
      <span
        class="css-gnff3l"
      >
        some alert text
      </span>
      <button
        aria-label="Close"
        class="css-hplxoi-IconButton"
        title="Close"
      >
        <svg
          fill="currentcolor"
          height="24"
          viewBox="0 0 24 24"
          width="24"
          xmlns="http://www.w3.org/2000/svg"
        >
          <path
            d="M19 6.41L17.59 5 12 10.59 6.41 5 5 6.41 10.59 12 5 17.59 6.41 19 12 13.41 17.59 19 19 17.59 13.41 12z"
          />
        </svg>
      </button>
    </div>
  </div>
</DocumentFragment>
`;
